Archive member included to satisfy reference by file (symbol)

/home/robin/repos/bareOS/testing/build/uprintf/libuprintf.a(uprintf.o)
                              /home/robin/repos/bareOS/testing/build/sample/sample.o (printf)
/home/robin/repos/bareOS/testing/build/uprintf/libuprintf.a(printf.o)
                              /home/robin/repos/bareOS/testing/build/uprintf/libuprintf.a(uprintf.o) (printf_core)
/home/robin/repos/bareOS/testing/build/uprintf/libuprintf.a(string.o)
                              /home/robin/repos/bareOS/testing/build/uprintf/libuprintf.a(uprintf.o) (strlen)
/home/robin/repos/bareOS/testing/build/uprintf/libuprintf.a(ecall.o)
                              /home/robin/repos/bareOS/testing/build/uprintf/libuprintf.a(uprintf.o) (ecall_write)

There are no discarded input sections

Memory Configuration

Name             Origin             Length             Attributes
*default*        0x0000000000000000 0xffffffffffffffff

Linker script and memory map

                0x0000000000000000                . = 0x0

.text           0x0000000000000000      0xa72
 *(.text .text.*)
 .text          0x0000000000000000        0xe /home/robin/repos/bareOS/testing/build/sample/start.o
                0x0000000000000000                _start
 .text          0x000000000000000e       0xce /home/robin/repos/bareOS/testing/build/sample/sample.o
                0x000000000000009c                main
 .text          0x00000000000000dc       0xce /home/robin/repos/bareOS/testing/build/uprintf/libuprintf.a(uprintf.o)
                0x00000000000000dc                printf_putc
                0x0000000000000114                printf
 .text          0x00000000000001aa      0x630 /home/robin/repos/bareOS/testing/build/uprintf/libuprintf.a(printf.o)
                0x00000000000002ea                get_color_str
                0x000000000000043e                printf_core
 .text          0x00000000000007da      0x1e2 /home/robin/repos/bareOS/testing/build/uprintf/libuprintf.a(string.o)
                0x00000000000007da                strcmp
                0x000000000000084a                strlen
                0x0000000000000886                memset
                0x00000000000008d4                memcpy
                0x0000000000000932                memcmp
 .text          0x00000000000009bc       0xb6 /home/robin/repos/bareOS/testing/build/uprintf/libuprintf.a(ecall.o)
                0x00000000000009bc                ecall_open
                0x00000000000009d6                ecall_close
                0x00000000000009f0                ecall_read
                0x0000000000000a16                ecall_write
                0x0000000000000a5a                ecall_spawn

.rodata         0x0000000000000a78      0x140
 *(.rodata .rodata.*)
 .rodata        0x0000000000000a78       0x39 /home/robin/repos/bareOS/testing/build/sample/sample.o
 *fill*         0x0000000000000ab1        0x7 
 .rodata        0x0000000000000ab8      0x100 /home/robin/repos/bareOS/testing/build/uprintf/libuprintf.a(printf.o)

.data           0x0000000000000bb8        0x0
 *(.data .data.*)
 .data          0x0000000000000bb8        0x0 /home/robin/repos/bareOS/testing/build/sample/start.o
 .data          0x0000000000000bb8        0x0 /home/robin/repos/bareOS/testing/build/sample/sample.o
 .data          0x0000000000000bb8        0x0 /home/robin/repos/bareOS/testing/build/uprintf/libuprintf.a(uprintf.o)
 .data          0x0000000000000bb8        0x0 /home/robin/repos/bareOS/testing/build/uprintf/libuprintf.a(printf.o)
 .data          0x0000000000000bb8        0x0 /home/robin/repos/bareOS/testing/build/uprintf/libuprintf.a(string.o)
 .data          0x0000000000000bb8        0x0 /home/robin/repos/bareOS/testing/build/uprintf/libuprintf.a(ecall.o)

.bss            0x0000000000000bb8        0x0
 *(.bss .bss.* COMMON)
 .bss           0x0000000000000bb8        0x0 /home/robin/repos/bareOS/testing/build/sample/start.o
 .bss           0x0000000000000bb8        0x0 /home/robin/repos/bareOS/testing/build/sample/sample.o
 .bss           0x0000000000000bb8        0x0 /home/robin/repos/bareOS/testing/build/uprintf/libuprintf.a(uprintf.o)
 .bss           0x0000000000000bb8        0x0 /home/robin/repos/bareOS/testing/build/uprintf/libuprintf.a(printf.o)
 .bss           0x0000000000000bb8        0x0 /home/robin/repos/bareOS/testing/build/uprintf/libuprintf.a(string.o)
 .bss           0x0000000000000bb8        0x0 /home/robin/repos/bareOS/testing/build/uprintf/libuprintf.a(ecall.o)
LOAD /home/robin/repos/bareOS/testing/build/sample/start.o
LOAD /home/robin/repos/bareOS/testing/build/sample/sample.o
LOAD /home/robin/repos/bareOS/testing/build/uprintf/libuprintf.a
OUTPUT(/home/robin/repos/bareOS/testing/build/sample/sample.elf elf64-littleriscv)

.riscv.attributes
                0x0000000000000000       0x3d
 .riscv.attributes
                0x0000000000000000       0x3b /home/robin/repos/bareOS/testing/build/sample/start.o
 .riscv.attributes
                0x000000000000003b       0x3d /home/robin/repos/bareOS/testing/build/sample/sample.o
 .riscv.attributes
                0x0000000000000078       0x3d /home/robin/repos/bareOS/testing/build/uprintf/libuprintf.a(uprintf.o)
 .riscv.attributes
                0x00000000000000b5       0x3d /home/robin/repos/bareOS/testing/build/uprintf/libuprintf.a(printf.o)
 .riscv.attributes
                0x00000000000000f2       0x3d /home/robin/repos/bareOS/testing/build/uprintf/libuprintf.a(string.o)
 .riscv.attributes
                0x000000000000012f       0x3d /home/robin/repos/bareOS/testing/build/uprintf/libuprintf.a(ecall.o)

.comment        0x0000000000000000       0x22
 .comment       0x0000000000000000       0x22 /home/robin/repos/bareOS/testing/build/sample/sample.o
                                         0x23 (size before relaxing)
 .comment       0x0000000000000022       0x23 /home/robin/repos/bareOS/testing/build/uprintf/libuprintf.a(uprintf.o)
 .comment       0x0000000000000022       0x23 /home/robin/repos/bareOS/testing/build/uprintf/libuprintf.a(printf.o)
 .comment       0x0000000000000022       0x23 /home/robin/repos/bareOS/testing/build/uprintf/libuprintf.a(string.o)
 .comment       0x0000000000000022       0x23 /home/robin/repos/bareOS/testing/build/uprintf/libuprintf.a(ecall.o)

.debug_line     0x0000000000000000      0xa11
 .debug_line    0x0000000000000000       0x5e /home/robin/repos/bareOS/testing/build/sample/start.o
 .debug_line    0x000000000000005e      0x124 /home/robin/repos/bareOS/testing/build/sample/sample.o
 .debug_line    0x0000000000000182       0xba /home/robin/repos/bareOS/testing/build/uprintf/libuprintf.a(uprintf.o)
 .debug_line    0x000000000000023c      0x466 /home/robin/repos/bareOS/testing/build/uprintf/libuprintf.a(printf.o)
 .debug_line    0x00000000000006a2      0x267 /home/robin/repos/bareOS/testing/build/uprintf/libuprintf.a(string.o)
 .debug_line    0x0000000000000909      0x108 /home/robin/repos/bareOS/testing/build/uprintf/libuprintf.a(ecall.o)

.debug_line_str
                0x0000000000000000      0x195
 .debug_line_str
                0x0000000000000000      0x195 /home/robin/repos/bareOS/testing/build/sample/start.o
                                         0x42 (size before relaxing)
 .debug_line_str
                0x0000000000000195       0xcf /home/robin/repos/bareOS/testing/build/sample/sample.o
 .debug_line_str
                0x0000000000000195       0xf8 /home/robin/repos/bareOS/testing/build/uprintf/libuprintf.a(uprintf.o)
 .debug_line_str
                0x0000000000000195       0xe4 /home/robin/repos/bareOS/testing/build/uprintf/libuprintf.a(printf.o)
 .debug_line_str
                0x0000000000000195       0xdb /home/robin/repos/bareOS/testing/build/uprintf/libuprintf.a(string.o)
 .debug_line_str
                0x0000000000000195       0xe0 /home/robin/repos/bareOS/testing/build/uprintf/libuprintf.a(ecall.o)

.debug_info     0x0000000000000000      0xb62
 .debug_info    0x0000000000000000       0x28 /home/robin/repos/bareOS/testing/build/sample/start.o
 .debug_info    0x0000000000000028      0x142 /home/robin/repos/bareOS/testing/build/sample/sample.o
 .debug_info    0x000000000000016a      0x1d7 /home/robin/repos/bareOS/testing/build/uprintf/libuprintf.a(uprintf.o)
 .debug_info    0x0000000000000341      0x38f /home/robin/repos/bareOS/testing/build/uprintf/libuprintf.a(printf.o)
 .debug_info    0x00000000000006d0      0x231 /home/robin/repos/bareOS/testing/build/uprintf/libuprintf.a(string.o)
 .debug_info    0x0000000000000901      0x261 /home/robin/repos/bareOS/testing/build/uprintf/libuprintf.a(ecall.o)

.debug_abbrev   0x0000000000000000      0x4e9
 .debug_abbrev  0x0000000000000000       0x14 /home/robin/repos/bareOS/testing/build/sample/start.o
 .debug_abbrev  0x0000000000000014       0xdd /home/robin/repos/bareOS/testing/build/sample/sample.o
 .debug_abbrev  0x00000000000000f1      0x124 /home/robin/repos/bareOS/testing/build/uprintf/libuprintf.a(uprintf.o)
 .debug_abbrev  0x0000000000000215      0x13b /home/robin/repos/bareOS/testing/build/uprintf/libuprintf.a(printf.o)
 .debug_abbrev  0x0000000000000350       0xc8 /home/robin/repos/bareOS/testing/build/uprintf/libuprintf.a(string.o)
 .debug_abbrev  0x0000000000000418       0xd1 /home/robin/repos/bareOS/testing/build/uprintf/libuprintf.a(ecall.o)

.debug_aranges  0x0000000000000000      0x120
 .debug_aranges
                0x0000000000000000       0x30 /home/robin/repos/bareOS/testing/build/sample/start.o
 .debug_aranges
                0x0000000000000030       0x30 /home/robin/repos/bareOS/testing/build/sample/sample.o
 .debug_aranges
                0x0000000000000060       0x30 /home/robin/repos/bareOS/testing/build/uprintf/libuprintf.a(uprintf.o)
 .debug_aranges
                0x0000000000000090       0x30 /home/robin/repos/bareOS/testing/build/uprintf/libuprintf.a(printf.o)
 .debug_aranges
                0x00000000000000c0       0x30 /home/robin/repos/bareOS/testing/build/uprintf/libuprintf.a(string.o)
 .debug_aranges
                0x00000000000000f0       0x30 /home/robin/repos/bareOS/testing/build/uprintf/libuprintf.a(ecall.o)

.debug_str      0x0000000000000000      0x2af
 .debug_str     0x0000000000000000      0x2af /home/robin/repos/bareOS/testing/build/sample/start.o
                                         0x4e (size before relaxing)
 .debug_str     0x00000000000002af      0x112 /home/robin/repos/bareOS/testing/build/sample/sample.o
 .debug_str     0x00000000000002af      0x148 /home/robin/repos/bareOS/testing/build/uprintf/libuprintf.a(uprintf.o)
 .debug_str     0x00000000000002af      0x185 /home/robin/repos/bareOS/testing/build/uprintf/libuprintf.a(printf.o)
 .debug_str     0x00000000000002af      0x10e /home/robin/repos/bareOS/testing/build/uprintf/libuprintf.a(string.o)
 .debug_str     0x00000000000002af      0x182 /home/robin/repos/bareOS/testing/build/uprintf/libuprintf.a(ecall.o)

.debug_frame    0x0000000000000000      0x3e8
 .debug_frame   0x0000000000000000       0x70 /home/robin/repos/bareOS/testing/build/sample/sample.o
 .debug_frame   0x0000000000000070       0x78 /home/robin/repos/bareOS/testing/build/uprintf/libuprintf.a(uprintf.o)
 .debug_frame   0x00000000000000e8      0x100 /home/robin/repos/bareOS/testing/build/uprintf/libuprintf.a(printf.o)
 .debug_frame   0x00000000000001e8      0x100 /home/robin/repos/bareOS/testing/build/uprintf/libuprintf.a(string.o)
 .debug_frame   0x00000000000002e8      0x100 /home/robin/repos/bareOS/testing/build/uprintf/libuprintf.a(ecall.o)

.debug_rnglists
                0x0000000000000000       0x1c
 .debug_rnglists
                0x0000000000000000       0x1c /home/robin/repos/bareOS/testing/build/uprintf/libuprintf.a(printf.o)
