Archive member included to satisfy reference by file (symbol)

/home/robin/repos/bareOS/testing/build/uprintf/libuprintf.a(uprintf.o)
                              /home/robin/repos/bareOS/testing/build/sample/sample.o (printf)
/home/robin/repos/bareOS/testing/build/uprintf/libuprintf.a(printf.o)
                              /home/robin/repos/bareOS/testing/build/uprintf/libuprintf.a(uprintf.o) (printf_core)
/home/robin/repos/bareOS/testing/build/uprintf/libuprintf.a(string.o)
                              /home/robin/repos/bareOS/testing/build/uprintf/libuprintf.a(uprintf.o) (strlen)
/home/robin/repos/bareOS/testing/build/uprintf/libuprintf.a(ecall.o)
                              /home/robin/repos/bareOS/testing/build/uprintf/libuprintf.a(uprintf.o) (s_ecall_write)

There are no discarded input sections

Memory Configuration

Name             Origin             Length             Attributes
*default*        0x0000000000000000 0xffffffffffffffff

Linker script and memory map

                0x0000000000000000                . = 0x0

.text           0x0000000000000000      0x9bc
 *(.text .text.*)
 .text          0x0000000000000000        0xe /home/robin/repos/bareOS/testing/build/sample/start.o
                0x0000000000000000                _start
 .text          0x000000000000000e       0x30 /home/robin/repos/bareOS/testing/build/sample/sample.o
                0x000000000000000e                main
 .text          0x000000000000003e       0xce /home/robin/repos/bareOS/testing/build/uprintf/libuprintf.a(uprintf.o)
                0x000000000000003e                printf_putc
                0x0000000000000076                printf
 .text          0x000000000000010c      0x630 /home/robin/repos/bareOS/testing/build/uprintf/libuprintf.a(printf.o)
                0x000000000000024c                get_color_str
                0x00000000000003a0                printf_core
 .text          0x000000000000073c      0x1e2 /home/robin/repos/bareOS/testing/build/uprintf/libuprintf.a(string.o)
                0x000000000000073c                strcmp
                0x00000000000007ac                strlen
                0x00000000000007e8                memset
                0x0000000000000836                memcpy
                0x0000000000000894                memcmp
 .text          0x000000000000091e       0x9e /home/robin/repos/bareOS/testing/build/uprintf/libuprintf.a(ecall.o)
                0x000000000000091e                s_ecall_open
                0x0000000000000938                s_ecall_close
                0x0000000000000952                s_ecall_read
                0x0000000000000978                s_ecall_write

.rodata         0x00000000000009c0      0x120
 *(.rodata .rodata.*)
 .rodata        0x00000000000009c0       0x1b /home/robin/repos/bareOS/testing/build/sample/sample.o
 *fill*         0x00000000000009db        0x5 
 .rodata        0x00000000000009e0      0x100 /home/robin/repos/bareOS/testing/build/uprintf/libuprintf.a(printf.o)

.data           0x0000000000000ae0        0x0
 *(.data .data.*)
 .data          0x0000000000000ae0        0x0 /home/robin/repos/bareOS/testing/build/sample/start.o
 .data          0x0000000000000ae0        0x0 /home/robin/repos/bareOS/testing/build/sample/sample.o
 .data          0x0000000000000ae0        0x0 /home/robin/repos/bareOS/testing/build/uprintf/libuprintf.a(uprintf.o)
 .data          0x0000000000000ae0        0x0 /home/robin/repos/bareOS/testing/build/uprintf/libuprintf.a(printf.o)
 .data          0x0000000000000ae0        0x0 /home/robin/repos/bareOS/testing/build/uprintf/libuprintf.a(string.o)
 .data          0x0000000000000ae0        0x0 /home/robin/repos/bareOS/testing/build/uprintf/libuprintf.a(ecall.o)

.bss            0x0000000000000ae0        0x0
 *(.bss .bss.* COMMON)
 .bss           0x0000000000000ae0        0x0 /home/robin/repos/bareOS/testing/build/sample/start.o
 .bss           0x0000000000000ae0        0x0 /home/robin/repos/bareOS/testing/build/sample/sample.o
 .bss           0x0000000000000ae0        0x0 /home/robin/repos/bareOS/testing/build/uprintf/libuprintf.a(uprintf.o)
 .bss           0x0000000000000ae0        0x0 /home/robin/repos/bareOS/testing/build/uprintf/libuprintf.a(printf.o)
 .bss           0x0000000000000ae0        0x0 /home/robin/repos/bareOS/testing/build/uprintf/libuprintf.a(string.o)
 .bss           0x0000000000000ae0        0x0 /home/robin/repos/bareOS/testing/build/uprintf/libuprintf.a(ecall.o)
LOAD /home/robin/repos/bareOS/testing/build/sample/start.o
LOAD /home/robin/repos/bareOS/testing/build/sample/sample.o
LOAD /home/robin/repos/bareOS/testing/build/uprintf/libuprintf.a
OUTPUT(/home/robin/repos/bareOS/testing/build/sample/sample.elf elf64-littleriscv)

.riscv.attributes
                0x0000000000000000       0x3d
 .riscv.attributes
                0x0000000000000000       0x3b /home/robin/repos/bareOS/testing/build/sample/start.o
 .riscv.attributes
                0x000000000000003b       0x3d /home/robin/repos/bareOS/testing/build/sample/sample.o
 .riscv.attributes
                0x0000000000000078       0x3d /home/robin/repos/bareOS/testing/build/uprintf/libuprintf.a(uprintf.o)
 .riscv.attributes
                0x00000000000000b5       0x3d /home/robin/repos/bareOS/testing/build/uprintf/libuprintf.a(printf.o)
 .riscv.attributes
                0x00000000000000f2       0x3d /home/robin/repos/bareOS/testing/build/uprintf/libuprintf.a(string.o)
 .riscv.attributes
                0x000000000000012f       0x3d /home/robin/repos/bareOS/testing/build/uprintf/libuprintf.a(ecall.o)

.comment        0x0000000000000000       0x22
 .comment       0x0000000000000000       0x22 /home/robin/repos/bareOS/testing/build/sample/sample.o
                                         0x23 (size before relaxing)
 .comment       0x0000000000000022       0x23 /home/robin/repos/bareOS/testing/build/uprintf/libuprintf.a(uprintf.o)
 .comment       0x0000000000000022       0x23 /home/robin/repos/bareOS/testing/build/uprintf/libuprintf.a(printf.o)
 .comment       0x0000000000000022       0x23 /home/robin/repos/bareOS/testing/build/uprintf/libuprintf.a(string.o)
 .comment       0x0000000000000022       0x23 /home/robin/repos/bareOS/testing/build/uprintf/libuprintf.a(ecall.o)

.debug_line     0x0000000000000000      0x94c
 .debug_line    0x0000000000000000       0x5e /home/robin/repos/bareOS/testing/build/sample/start.o
 .debug_line    0x000000000000005e       0x77 /home/robin/repos/bareOS/testing/build/sample/sample.o
 .debug_line    0x00000000000000d5       0xba /home/robin/repos/bareOS/testing/build/uprintf/libuprintf.a(uprintf.o)
 .debug_line    0x000000000000018f      0x466 /home/robin/repos/bareOS/testing/build/uprintf/libuprintf.a(printf.o)
 .debug_line    0x00000000000005f5      0x267 /home/robin/repos/bareOS/testing/build/uprintf/libuprintf.a(string.o)
 .debug_line    0x000000000000085c       0xf0 /home/robin/repos/bareOS/testing/build/uprintf/libuprintf.a(ecall.o)

.debug_line_str
                0x0000000000000000      0x17c
 .debug_line_str
                0x0000000000000000      0x17c /home/robin/repos/bareOS/testing/build/sample/start.o
                                         0x4a (size before relaxing)
 .debug_line_str
                0x000000000000017c       0xd5 /home/robin/repos/bareOS/testing/build/sample/sample.o
 .debug_line_str
                0x000000000000017c       0xf8 /home/robin/repos/bareOS/testing/build/uprintf/libuprintf.a(uprintf.o)
 .debug_line_str
                0x000000000000017c       0xe4 /home/robin/repos/bareOS/testing/build/uprintf/libuprintf.a(printf.o)
 .debug_line_str
                0x000000000000017c       0xdb /home/robin/repos/bareOS/testing/build/uprintf/libuprintf.a(string.o)
 .debug_line_str
                0x000000000000017c       0xe0 /home/robin/repos/bareOS/testing/build/uprintf/libuprintf.a(ecall.o)

.debug_info     0x0000000000000000      0xa83
 .debug_info    0x0000000000000000       0x28 /home/robin/repos/bareOS/testing/build/sample/start.o
 .debug_info    0x0000000000000028       0xbb /home/robin/repos/bareOS/testing/build/sample/sample.o
 .debug_info    0x00000000000000e3      0x1d7 /home/robin/repos/bareOS/testing/build/uprintf/libuprintf.a(uprintf.o)
 .debug_info    0x00000000000002ba      0x38f /home/robin/repos/bareOS/testing/build/uprintf/libuprintf.a(printf.o)
 .debug_info    0x0000000000000649      0x231 /home/robin/repos/bareOS/testing/build/uprintf/libuprintf.a(string.o)
 .debug_info    0x000000000000087a      0x209 /home/robin/repos/bareOS/testing/build/uprintf/libuprintf.a(ecall.o)

.debug_abbrev   0x0000000000000000      0x484
 .debug_abbrev  0x0000000000000000       0x14 /home/robin/repos/bareOS/testing/build/sample/start.o
 .debug_abbrev  0x0000000000000014       0x8a /home/robin/repos/bareOS/testing/build/sample/sample.o
 .debug_abbrev  0x000000000000009e      0x124 /home/robin/repos/bareOS/testing/build/uprintf/libuprintf.a(uprintf.o)
 .debug_abbrev  0x00000000000001c2      0x13b /home/robin/repos/bareOS/testing/build/uprintf/libuprintf.a(printf.o)
 .debug_abbrev  0x00000000000002fd       0xc8 /home/robin/repos/bareOS/testing/build/uprintf/libuprintf.a(string.o)
 .debug_abbrev  0x00000000000003c5       0xbf /home/robin/repos/bareOS/testing/build/uprintf/libuprintf.a(ecall.o)

.debug_aranges  0x0000000000000000      0x120
 .debug_aranges
                0x0000000000000000       0x30 /home/robin/repos/bareOS/testing/build/sample/start.o
 .debug_aranges
                0x0000000000000030       0x30 /home/robin/repos/bareOS/testing/build/sample/sample.o
 .debug_aranges
                0x0000000000000060       0x30 /home/robin/repos/bareOS/testing/build/uprintf/libuprintf.a(uprintf.o)
 .debug_aranges
                0x0000000000000090       0x30 /home/robin/repos/bareOS/testing/build/uprintf/libuprintf.a(printf.o)
 .debug_aranges
                0x00000000000000c0       0x30 /home/robin/repos/bareOS/testing/build/uprintf/libuprintf.a(string.o)
 .debug_aranges
                0x00000000000000f0       0x30 /home/robin/repos/bareOS/testing/build/uprintf/libuprintf.a(ecall.o)

.debug_str      0x0000000000000000      0x278
 .debug_str     0x0000000000000000      0x278 /home/robin/repos/bareOS/testing/build/sample/start.o
                                         0x56 (size before relaxing)
 .debug_str     0x0000000000000278       0xdd /home/robin/repos/bareOS/testing/build/sample/sample.o
 .debug_str     0x0000000000000278      0x14a /home/robin/repos/bareOS/testing/build/uprintf/libuprintf.a(uprintf.o)
 .debug_str     0x0000000000000278      0x185 /home/robin/repos/bareOS/testing/build/uprintf/libuprintf.a(printf.o)
 .debug_str     0x0000000000000278      0x10e /home/robin/repos/bareOS/testing/build/uprintf/libuprintf.a(string.o)
 .debug_str     0x0000000000000278      0x165 /home/robin/repos/bareOS/testing/build/uprintf/libuprintf.a(ecall.o)

.debug_frame    0x0000000000000000      0x388
 .debug_frame   0x0000000000000000       0x40 /home/robin/repos/bareOS/testing/build/sample/sample.o
 .debug_frame   0x0000000000000040       0x78 /home/robin/repos/bareOS/testing/build/uprintf/libuprintf.a(uprintf.o)
 .debug_frame   0x00000000000000b8      0x100 /home/robin/repos/bareOS/testing/build/uprintf/libuprintf.a(printf.o)
 .debug_frame   0x00000000000001b8      0x100 /home/robin/repos/bareOS/testing/build/uprintf/libuprintf.a(string.o)
 .debug_frame   0x00000000000002b8       0xd0 /home/robin/repos/bareOS/testing/build/uprintf/libuprintf.a(ecall.o)

.debug_rnglists
                0x0000000000000000       0x1c
 .debug_rnglists
                0x0000000000000000       0x1c /home/robin/repos/bareOS/testing/build/uprintf/libuprintf.a(printf.o)
